#-----------------------------------------------------------
# Vivado v2025.2 (64-bit)
# SW Build 6299465 on Fri Nov 14 19:35:11 GMT 2025
# IP Build 6300035 on Fri Nov 14 10:48:45 MST 2025
# SharedData Build 6298862 on Thu Nov 13 04:50:51 MST 2025
# Start of session at: Sat Apr 11 18:26:22 2026
# Process ID         : 41284
# Current directory  : C:/Users/aptay/Dropbox/adiuvo/f14-CADC/implementation/scripts
# Command line       : vivado.exe -mode gui -source create_project_tile.tcl
# Log file           : C:/Users/aptay/Dropbox/adiuvo/f14-CADC/implementation/scripts/vivado.log
# Journal file       : C:/Users/aptay/Dropbox/adiuvo/f14-CADC/implementation/scripts\vivado.jou
# Running On         : Adiuvo_Adam
# Platform           : Windows Server 2016 or Windows 10
# Operating System   : 26200
# Processor Detail   : Intel(R) Core(TM) Ultra 9 285H
# CPU Frequency      : 3686 MHz
# CPU Physical cores : 16
# CPU Logical cores  : 16
# Host memory        : 33777 MB
# Swap memory        : 36507 MB
# Total Virtual      : 70284 MB
# Available Virtual  : 34380 MB
#-----------------------------------------------------------
start_gui
source create_project_tile.tcl
update_compile_order -fileset sources_1
assign_bd_address
save_bd_design
