#-----------------------------------------------------------
# Vivado v2025.1 (64-bit)
# SW Build 6140274 on Thu May 22 00:12:29 MDT 2025
# IP Build 6138677 on Thu May 22 03:10:11 MDT 2025
# SharedData Build 6139179 on Tue May 20 17:58:58 MDT 2025
# Start of session at: Sun Feb 22 20:55:28 2026
# Process ID         : 29056
# Current directory  : C:/Users/aptay/Dropbox/adiuvo/f14-CADC/implementation/scripts
# Command line       : vivado.exe -mode batch -source create_project.tcl
# Log file           : C:/Users/aptay/Dropbox/adiuvo/f14-CADC/implementation/scripts/vivado.log
# Journal file       : C:/Users/aptay/Dropbox/adiuvo/f14-CADC/implementation/scripts\vivado.jou
# Running On         : Adiuvo_Adam
# Platform           : Windows Server 2016 or Windows 10
# Operating System   : 26100
# Processor Detail   : Intel(R) Core(TM) Ultra 9 285H
# CPU Frequency      : 3686 MHz
# CPU Physical cores : 16
# CPU Logical cores  : 16
# Host memory        : 33777 MB
# Swap memory        : 27917 MB
# Total Virtual      : 61694 MB
# Available Virtual  : 22753 MB
#-----------------------------------------------------------
source create_project.tcl
